# journalctl --user -t lsst-latency -t lsst-latency-sample
Aug 11 23:44:37 garey lsst-latency[80971]:   sampling ztf ...
Aug 11 23:45:45 garey lsst-latency[80971]:   sampling lsst ...
Aug 11 23:46:06 garey lsst-latency[80971]:   sampling antares ...
Aug 11 23:46:11 garey lsst-latency[80971]: 2026-08-11T23:44:37+0200  ztf=3.49s  lsst=2.12s  antares=1.10s  [11 samples]
Aug 12 00:12:02 garey lsst-latency[83358]:   sampling ztf ...
Aug 12 00:13:04 garey lsst-latency[83358]:   sampling lsst ...
Aug 12 00:13:19 garey lsst-latency[83358]:   sampling antares ...
Aug 12 00:13:23 garey lsst-latency[83358]: 2026-08-12T00:12:02+0200  ztf=3.48s  lsst=2.35s  antares=1.09s  [13 samples]
Aug 12 01:02:23 garey lsst-latency-sample[87074]:   sampling ztf ...
Aug 12 01:03:23 garey lsst-latency-sample[87074]:   ztf FAILED: HTTPSConnectionPool(host='api.alerce.online', port=443): Read timed out. (read timeout=60.0)
Aug 12 01:03:23 garey lsst-latency-sample[87074]:   sampling lsst ...
Aug 12 01:03:44 garey lsst-latency-sample[87074]:   sampling antares ...
Aug 12 01:03:49 garey lsst-latency-sample[87074]: 2026-08-12T01:02:23+0200  ztf=ERR  lsst=2.35s  antares=1.11s  [14 samples]
Aug 12 01:03:51 garey lsst-latency-sample[87321]:   sampling ztf ...
Aug 12 01:05:04 garey lsst-latency-sample[87321]:   sampling lsst ...
Aug 12 01:05:24 garey lsst-latency-sample[87321]:   sampling antares ...
Aug 12 01:05:29 garey lsst-latency-sample[87321]: 2026-08-12T01:03:51+0200  ztf=3.54s  lsst=2.21s  antares=0.99s  [15 samples]
Aug 12 08:05:02 garey lsst-latency-sample[90651]:   sampling ztf ...
Aug 12 08:05:55 garey lsst-latency-sample[90651]:   sampling lsst ...
Aug 12 08:06:17 garey lsst-latency-sample[90651]:   sampling antares ...
Aug 12 08:06:22 garey lsst-latency-sample[90651]: 2026-08-12T08:05:02+0200  ztf=3.41s  lsst=2.27s  antares=1.05s  [16 samples]
Aug 12 09:50:02 garey lsst-latency-sample[98262]:   sampling ztf ...
Aug 12 09:50:53 garey lsst-latency-sample[98262]:   sampling lsst ...
Aug 12 09:51:15 garey lsst-latency-sample[98262]:   sampling antares ...
Aug 12 09:51:20 garey lsst-latency-sample[98262]: 2026-08-12T09:50:02+0200  ztf=3.38s  lsst=2.40s  antares=0.90s  [18 samples]
Aug 12 10:17:02 garey lsst-latency-sample[99880]:   sampling ztf ...
Aug 12 10:17:55 garey lsst-latency-sample[99880]:   sampling lsst ...
Aug 12 10:18:17 garey lsst-latency-sample[99880]:   sampling antares ...
Aug 12 10:18:20 garey lsst-latency-sample[99880]: 2026-08-12T10:17:02+0200  ztf=3.50s  lsst=2.25s  antares=0.81s  [20 samples]
Aug 12 11:22:02 garey lsst-latency-sample[101929]:   sampling ztf ...
Aug 12 11:22:51 garey lsst-latency-sample[101929]:   sampling lsst ...
Aug 12 11:23:13 garey lsst-latency-sample[101929]:   sampling antares ...
Aug 12 11:23:16 garey lsst-latency-sample[101929]: 2026-08-12T11:22:02+0200  ztf=3.84s  lsst=2.36s  antares=0.79s  [22 samples]
Aug 12 12:40:02 garey lsst-latency-sample[104287]:   sampling ztf ...
Aug 12 12:40:53 garey lsst-latency-sample[104287]:   sampling lsst ...
Aug 12 12:41:13 garey lsst-latency-sample[104287]:   sampling antares ...
Aug 12 12:41:17 garey lsst-latency-sample[104287]: 2026-08-12T12:40:02+0200  ztf=3.62s  lsst=2.18s  antares=0.76s  [24 samples]
Aug 12 13:29:02 garey lsst-latency-sample[105826]:   sampling ztf ...
Aug 12 13:30:11 garey lsst-latency-sample[105826]:   sampling lsst ...
Aug 12 13:30:33 garey lsst-latency-sample[105826]:   sampling antares ...
Aug 12 13:30:39 garey lsst-latency-sample[105826]: 2026-08-12T13:29:02+0200  ztf=3.60s  lsst=2.32s  antares=1.13s  [25 samples]
Aug 12 14:34:02 garey lsst-latency-sample[107126]:   sampling ztf ...
Aug 12 14:34:50 garey lsst-latency-sample[107126]:   sampling lsst ...
Aug 12 14:35:11 garey lsst-latency-sample[107126]:   sampling antares ...
Aug 12 14:35:17 garey lsst-latency-sample[107126]: 2026-08-12T14:34:02+0200  ztf=3.48s  lsst=2.47s  antares=1.16s  [26 samples]
Aug 12 15:19:02 garey lsst-latency-sample[108552]:   sampling ztf ...
Aug 12 15:20:07 garey lsst-latency-sample[108552]:   sampling lsst ...
Aug 12 15:20:28 garey lsst-latency-sample[108552]:   sampling antares ...
Aug 12 15:20:32 garey lsst-latency-sample[108552]: 2026-08-12T15:19:02+0200  ztf=3.64s  lsst=2.33s  antares=0.82s  [28 samples]
Aug 12 16:56:02 garey lsst-latency-sample[110873]:   sampling ztf ...
Aug 12 16:56:55 garey lsst-latency-sample[110873]:   sampling lsst ...
Aug 12 16:57:16 garey lsst-latency-sample[110873]:   sampling antares ...
Aug 12 16:57:21 garey lsst-latency-sample[110873]: 2026-08-12T16:56:02+0200  ztf=3.69s  lsst=2.24s  antares=0.92s  [30 samples]
Aug 12 17:03:02 garey lsst-latency-sample[111021]:   sampling ztf ...
Aug 12 17:04:02 garey lsst-latency-sample[111021]:   ztf FAILED: HTTPSConnectionPool(host='api.alerce.online', port=443): Read timed out. (read timeout=60.0)
Aug 12 17:04:02 garey lsst-latency-sample[111021]:   sampling lsst ...
Aug 12 17:04:23 garey lsst-latency-sample[111021]:   sampling antares ...
Aug 12 17:04:28 garey lsst-latency-sample[111021]: 2026-08-12T17:03:02+0200  ztf=ERR  lsst=2.22s  antares=1.00s  [31 samples]
Aug 12 18:35:02 garey lsst-latency-sample[113448]:   sampling ztf ...
Aug 12 18:36:02 garey lsst-latency-sample[113448]:   sampling lsst ...
Aug 12 18:36:22 garey lsst-latency-sample[113448]:   sampling antares ...
Aug 12 18:36:27 garey lsst-latency-sample[113448]: 2026-08-12T18:35:02+0200  ztf=3.42s  lsst=2.26s  antares=0.89s  [33 samples]
Aug 12 19:05:02 garey lsst-latency-sample[114064]:   sampling ztf ...
Aug 12 19:05:48 garey lsst-latency-sample[114064]:   sampling lsst ...
Aug 12 19:06:09 garey lsst-latency-sample[114064]:   sampling antares ...
Aug 12 19:06:13 garey lsst-latency-sample[114064]: 2026-08-12T19:05:02+0200  ztf=3.38s  lsst=2.24s  antares=0.93s  [34 samples]
Aug 12 20:42:44 garey lsst-latency-sample[116078]:   sampling ztf ...
Aug 12 20:43:42 garey lsst-latency-sample[116078]:   sampling lsst ...
Aug 12 20:43:55 garey lsst-latency-sample[116078]:   sampling antares ...
Aug 12 20:44:00 garey lsst-latency-sample[116078]: 2026-08-12T20:42:44+0200  ztf=3.63s  lsst=2.13s  antares=0.82s  [35 samples]
Aug 12 21:19:02 garey lsst-latency-sample[116818]:   sampling ztf ...
Aug 12 21:19:49 garey lsst-latency-sample[116818]:   sampling lsst ...
Aug 12 21:20:10 garey lsst-latency-sample[116818]:   sampling antares ...
Aug 12 21:20:14 garey lsst-latency-sample[116818]: 2026-08-12T21:19:02+0200  ztf=3.35s  lsst=2.29s  antares=0.87s  [36 samples]
Aug 12 22:22:02 garey lsst-latency-sample[118217]:   sampling ztf ...
Aug 12 22:22:50 garey lsst-latency-sample[118217]:   sampling lsst ...
Aug 12 22:23:11 garey lsst-latency-sample[118217]:   sampling antares ...
Aug 12 22:23:15 garey lsst-latency-sample[118217]: 2026-08-12T22:22:02+0200  ztf=3.55s  lsst=2.24s  antares=0.83s  [38 samples]
Aug 13 10:51:05 garey lsst-latency-sample[122370]:   sampling ztf ...
Aug 13 10:51:56 garey lsst-latency-sample[122370]:   sampling lsst ...
Aug 13 10:52:17 garey lsst-latency-sample[122370]:   sampling antares ...
Aug 13 10:52:21 garey lsst-latency-sample[122370]: 2026-08-13T10:51:05+0200  ztf=3.76s  lsst=2.33s  antares=0.76s  [39 samples]
Aug 13 11:25:03 garey lsst-latency-sample[124164]:   sampling ztf ...
Aug 13 11:25:53 garey lsst-latency-sample[124164]:   sampling lsst ...
Aug 13 11:26:15 garey lsst-latency-sample[124164]:   sampling antares ...
Aug 13 11:26:19 garey lsst-latency-sample[124164]: 2026-08-13T11:25:03+0200  ztf=3.79s  lsst=2.34s  antares=0.84s  [41 samples]
Aug 13 12:11:02 garey lsst-latency-sample[125103]:   sampling ztf ...
Aug 13 12:11:53 garey lsst-latency-sample[125103]:   sampling lsst ...
Aug 13 12:12:14 garey lsst-latency-sample[125103]:   sampling antares ...
Aug 13 12:12:18 garey lsst-latency-sample[125103]: 2026-08-13T12:11:02+0200  ztf=3.79s  lsst=2.33s  antares=0.83s  [42 samples]
Aug 13 13:19:02 garey lsst-latency-sample[126708]:   sampling ztf ...
Aug 13 13:19:53 garey lsst-latency-sample[126708]:   sampling lsst ...
Aug 13 13:20:13 garey lsst-latency-sample[126708]:   sampling antares ...
Aug 13 13:20:17 garey lsst-latency-sample[126708]: 2026-08-13T13:19:02+0200  ztf=3.67s  lsst=2.38s  antares=0.81s  [43 samples]
Aug 13 18:05:54 garey lsst-latency-sample[129269]:   sampling ztf ...
Aug 13 18:06:55 garey lsst-latency-sample[129269]:   ztf FAILED: HTTPSConnectionPool(host='api.alerce.online', port=443): Read timed out. (read timeout=60.0)
Aug 13 18:06:55 garey lsst-latency-sample[129269]:   sampling lsst ...
Aug 13 18:07:19 garey lsst-latency-sample[129269]:   sampling antares ...
Aug 13 18:07:25 garey lsst-latency-sample[129269]: 2026-08-13T18:05:54+0200  ztf=ERR  lsst=2.32s  antares=1.14s  [45 samples]
Aug 13 19:08:02 garey lsst-latency-sample[131537]:   sampling ztf ...
Aug 13 19:09:06 garey lsst-latency-sample[131537]:   sampling lsst ...
Aug 13 19:09:22 garey lsst-latency-sample[131537]:   sampling antares ...
Aug 13 19:09:28 garey lsst-latency-sample[131537]: 2026-08-13T19:08:02+0200  ztf=3.73s  lsst=2.20s  antares=1.14s  [46 samples]
Aug 13 20:45:53 garey lsst-latency-sample[133570]:   sampling ztf ...
Aug 13 20:46:56 garey lsst-latency-sample[133570]:   sampling lsst ...
Aug 13 20:47:19 garey lsst-latency-sample[133570]:   sampling antares ...
Aug 13 20:47:23 garey lsst-latency-sample[133570]: 2026-08-13T20:45:53+0200  ztf=3.79s  lsst=2.33s  antares=1.03s  [47 samples]
Aug 13 21:48:02 garey lsst-latency-sample[136216]:   sampling ztf ...
Aug 13 21:48:57 garey lsst-latency-sample[136216]:   sampling lsst ...
Aug 13 21:49:11 garey lsst-latency-sample[136216]:   sampling antares ...
Aug 13 21:49:17 garey lsst-latency-sample[136216]: 2026-08-13T21:48:02+0200  ztf=3.33s  lsst=2.19s  antares=1.21s  [49 samples]
Aug 14 09:26:51 garey lsst-latency-sample[138985]:   sampling ztf ...
Aug 14 09:27:40 garey lsst-latency-sample[138985]:   sampling lsst ...
Aug 14 09:28:01 garey lsst-latency-sample[138985]:   sampling antares ...
Aug 14 09:28:07 garey lsst-latency-sample[138985]: 2026-08-14T09:26:51+0200  ztf=3.68s  lsst=2.34s  antares=1.33s  [51 samples]
Aug 14 10:29:02 garey lsst-latency-sample[141198]:   sampling ztf ...
Aug 14 10:29:50 garey lsst-latency-sample[141198]:   sampling lsst ...
Aug 14 10:30:12 garey lsst-latency-sample[141198]:   sampling antares ...
Aug 14 10:30:17 garey lsst-latency-sample[141198]: 2026-08-14T10:29:02+0200  ztf=3.62s  lsst=2.51s  antares=1.13s  [53 samples]
Aug 14 11:42:02 garey lsst-latency-sample[144794]:   sampling ztf ...
Aug 14 11:42:49 garey lsst-latency-sample[144794]:   sampling lsst ...
Aug 14 11:43:10 garey lsst-latency-sample[144794]:   sampling antares ...
Aug 14 11:43:15 garey lsst-latency-sample[144794]: 2026-08-14T11:42:02+0200  ztf=3.50s  lsst=2.33s  antares=1.20s  [54 samples]
Aug 14 12:45:02 garey lsst-latency-sample[147605]:   sampling ztf ...
Aug 14 12:45:50 garey lsst-latency-sample[147605]:   sampling lsst ...
Aug 14 12:46:10 garey lsst-latency-sample[147605]:   sampling antares ...
Aug 14 12:46:15 garey lsst-latency-sample[147605]: 2026-08-14T12:45:02+0200  ztf=3.67s  lsst=2.21s  antares=1.11s  [56 samples]
Aug 14 13:10:02 garey lsst-latency-sample[148380]:   sampling ztf ...
Aug 14 13:10:49 garey lsst-latency-sample[148380]:   sampling lsst ...
Aug 14 13:11:10 garey lsst-latency-sample[148380]:   sampling antares ...
Aug 14 13:11:15 garey lsst-latency-sample[148380]: 2026-08-14T13:10:02+0200  ztf=3.69s  lsst=2.37s  antares=1.13s  [57 samples]
Aug 14 14:32:02 garey lsst-latency-sample[150094]:   sampling ztf ...
Aug 14 14:32:49 garey lsst-latency-sample[150094]:   sampling lsst ...
Aug 14 14:33:09 garey lsst-latency-sample[150094]:   sampling antares ...
Aug 14 14:33:13 garey lsst-latency-sample[150094]: 2026-08-14T14:32:02+0200  ztf=3.68s  lsst=2.34s  antares=0.79s  [58 samples]
Aug 14 15:09:02 garey lsst-latency-sample[150851]:   sampling ztf ...
Aug 14 15:09:51 garey lsst-latency-sample[150851]:   sampling lsst ...
Aug 14 15:10:12 garey lsst-latency-sample[150851]:   sampling antares ...
Aug 14 15:10:16 garey lsst-latency-sample[150851]: 2026-08-14T15:09:02+0200  ztf=3.65s  lsst=2.21s  antares=0.94s  [59 samples]
Aug 14 16:17:02 garey lsst-latency-sample[152238]:   sampling ztf ...
Aug 14 16:18:07 garey lsst-latency-sample[152238]:   sampling lsst ...
Aug 14 16:18:29 garey lsst-latency-sample[152238]:   sampling antares ...
Aug 14 16:18:32 garey lsst-latency-sample[152238]: 2026-08-14T16:17:02+0200  ztf=3.48s  lsst=2.35s  antares=0.79s  [60 samples]
Aug 14 17:58:02 garey lsst-latency-sample[154226]:   sampling ztf ...
Aug 14 17:58:53 garey lsst-latency-sample[154226]:   sampling lsst ...
Aug 14 17:59:07 garey lsst-latency-sample[154226]:   sampling antares ...
Aug 14 17:59:10 garey lsst-latency-sample[154226]: 2026-08-14T17:58:02+0200  ztf=3.75s  lsst=2.24s  antares=0.79s  [61 samples]
Aug 14 18:21:02 garey lsst-latency-sample[154717]:   sampling ztf ...
Aug 14 18:21:57 garey lsst-latency-sample[154717]:   sampling lsst ...
Aug 14 18:22:18 garey lsst-latency-sample[154717]:   sampling antares ...
Aug 14 18:22:21 garey lsst-latency-sample[154717]: 2026-08-14T18:21:02+0200  ztf=3.68s  lsst=2.20s  antares=0.80s  [62 samples]
Aug 14 19:43:02 garey lsst-latency-sample[156404]:   sampling ztf ...
Aug 14 19:44:03 garey lsst-latency-sample[156404]:   sampling lsst ...
Aug 14 19:44:20 garey lsst-latency-sample[156404]:   sampling antares ...
Aug 14 19:44:24 garey lsst-latency-sample[156404]: 2026-08-14T19:43:02+0200  ztf=3.63s  lsst=2.33s  antares=0.80s  [63 samples]
Aug 14 20:18:02 garey lsst-latency-sample[157133]:   sampling ztf ...
Aug 14 20:19:04 garey lsst-latency-sample[157133]:   sampling lsst ...
Aug 14 20:19:20 garey lsst-latency-sample[157133]:   sampling antares ...
Aug 14 20:19:25 garey lsst-latency-sample[157133]: 2026-08-14T20:18:02+0200  ztf=3.79s  lsst=2.19s  antares=0.85s  [64 samples]
Aug 14 21:29:02 garey lsst-latency-sample[160265]:   sampling ztf ...
Aug 14 21:30:03 garey lsst-latency-sample[160265]:   ztf FAILED: HTTPSConnectionPool(host='api.alerce.online', port=443): Read timed out. (read timeout=60.0)
Aug 14 21:30:03 garey lsst-latency-sample[160265]:   sampling lsst ...
Aug 14 21:30:30 garey lsst-latency-sample[160265]:   sampling antares ...
Aug 14 21:30:34 garey lsst-latency-sample[160265]: 2026-08-14T21:29:02+0200  ztf=ERR  lsst=2.32s  antares=0.82s  [65 samples]
Aug 15 10:16:28 garey lsst-latency-sample[164347]:   sampling ztf ...
Aug 15 10:17:23 garey lsst-latency-sample[164347]:   sampling lsst ...
Aug 15 10:17:44 garey lsst-latency-sample[164347]:   sampling antares ...
Aug 15 10:17:48 garey lsst-latency-sample[164347]: 2026-08-15T10:16:28+0200  ztf=3.62s  lsst=2.32s  antares=0.92s  [66 samples]
Aug 15 11:24:02 garey lsst-latency-sample[168816]:   sampling ztf ...
Aug 15 11:25:03 garey lsst-latency-sample[168816]:   sampling lsst ...
Aug 15 11:25:26 garey lsst-latency-sample[168816]:   sampling antares ...
Aug 15 11:25:30 garey lsst-latency-sample[168816]: 2026-08-15T11:24:02+0200  ztf=4.31s  lsst=2.19s  antares=0.79s  [67 samples]
Aug 15 12:20:02 garey lsst-latency-sample[170987]:   sampling ztf ...
Aug 15 12:20:54 garey lsst-latency-sample[170987]:   sampling lsst ...
Aug 15 12:21:08 garey lsst-latency-sample[170987]:   sampling antares ...
Aug 15 12:21:13 garey lsst-latency-sample[170987]: 2026-08-15T12:20:02+0200  ztf=3.68s  lsst=2.32s  antares=0.79s  [69 samples]
Aug 15 13:11:02 garey lsst-latency-sample[174796]:   sampling ztf ...
Aug 15 13:12:02 garey lsst-latency-sample[174796]:   ztf FAILED: HTTPSConnectionPool(host='api.alerce.online', port=443): Read timed out. (read timeout=60.0)
Aug 15 13:12:02 garey lsst-latency-sample[174796]:   sampling lsst ...
Aug 15 13:12:23 garey lsst-latency-sample[174796]:   sampling antares ...
Aug 15 13:12:27 garey lsst-latency-sample[174796]: 2026-08-15T13:11:02+0200  ztf=ERR  lsst=2.22s  antares=0.76s  [72 samples]
Aug 15 14:27:02 garey lsst-latency-sample[180081]:   sampling ztf ...
Aug 15 14:27:48 garey lsst-latency-sample[180081]:   sampling lsst ...
Aug 15 14:28:08 garey lsst-latency-sample[180081]:   sampling antares ...
Aug 15 14:28:12 garey lsst-latency-sample[180081]: 2026-08-15T14:27:02+0200  ztf=3.68s  lsst=2.30s  antares=0.78s  [74 samples]
Aug 15 15:19:02 garey lsst-latency-sample[182999]:   sampling ztf ...
Aug 15 15:19:50 garey lsst-latency-sample[182999]:   sampling lsst ...
Aug 15 15:20:11 garey lsst-latency-sample[182999]:   sampling antares ...
Aug 15 15:20:16 garey lsst-latency-sample[182999]: 2026-08-15T15:19:02+0200  ztf=3.78s  lsst=2.42s  antares=1.07s  [77 samples]
Aug 15 16:26:02 garey lsst-latency-sample[184718]:   sampling ztf ...
Aug 15 16:26:49 garey lsst-latency-sample[184718]:   sampling lsst ...
Aug 15 16:27:10 garey lsst-latency-sample[184718]:   sampling antares ...
Aug 15 16:27:15 garey lsst-latency-sample[184718]: 2026-08-15T16:26:02+0200  ztf=3.68s  lsst=2.44s  antares=0.89s  [78 samples]
Aug 15 17:34:02 garey lsst-latency-sample[188037]:   sampling ztf ...
Aug 15 17:34:52 garey lsst-latency-sample[188037]:   sampling lsst ...
Aug 15 17:35:07 garey lsst-latency-sample[188037]:   sampling antares ...
Aug 15 17:35:11 garey lsst-latency-sample[188037]: 2026-08-15T17:34:02+0200  ztf=3.59s  lsst=2.33s  antares=0.76s  [81 samples]
Aug 15 18:06:02 garey lsst-latency-sample[188938]:   sampling ztf ...
Aug 15 18:06:47 garey lsst-latency-sample[188938]:   sampling lsst ...
Aug 15 18:07:09 garey lsst-latency-sample[188938]:   sampling antares ...
Aug 15 18:07:12 garey lsst-latency-sample[188938]: 2026-08-15T18:06:02+0200  ztf=3.37s  lsst=2.33s  antares=0.76s  [82 samples]
Aug 15 19:25:02 garey lsst-latency-sample[190911]:   sampling ztf ...
Aug 15 19:25:54 garey lsst-latency-sample[190911]:   sampling lsst ...
Aug 15 19:26:15 garey lsst-latency-sample[190911]:   sampling antares ...
Aug 15 19:26:19 garey lsst-latency-sample[190911]: 2026-08-15T19:25:02+0200  ztf=3.71s  lsst=2.34s  antares=0.76s  [83 samples]
Aug 15 20:43:02 garey lsst-latency-sample[197083]:   sampling ztf ...
Aug 15 20:43:44 garey lsst-latency-sample[197083]:   sampling lsst ...
Aug 15 20:43:57 garey lsst-latency-sample[197083]:   sampling antares ...
Aug 15 20:44:01 garey lsst-latency-sample[197083]: 2026-08-15T20:43:02+0200  ztf=3.55s  lsst=2.24s  antares=0.80s  [85 samples]
Aug 16 07:44:14 garey lsst-latency-sample[200237]:   sampling ztf ...
Aug 16 07:45:14 garey lsst-latency-sample[200237]:   ztf FAILED: HTTPSConnectionPool(host='api.alerce.online', port=443): Read timed out. (read timeout=60.0)
Aug 16 07:45:14 garey lsst-latency-sample[200237]:   sampling lsst ...
Aug 16 07:45:37 garey lsst-latency-sample[200237]:   sampling antares ...
Aug 16 07:45:45 garey lsst-latency-sample[200237]: 2026-08-16T07:44:14+0200  ztf=ERR  lsst=2.27s  antares=1.47s  [86 samples]
Aug 16 08:02:02 garey lsst-latency-sample[201355]:   sampling ztf ...
Aug 16 08:03:03 garey lsst-latency-sample[201355]:   ztf FAILED: HTTPSConnectionPool(host='api.alerce.online', port=443): Read timed out. (read timeout=60.0)
Aug 16 08:03:03 garey lsst-latency-sample[201355]:   sampling lsst ...
Aug 16 08:03:24 garey lsst-latency-sample[201355]:   sampling antares ...
Aug 16 08:03:31 garey lsst-latency-sample[201355]: 2026-08-16T08:02:02+0200  ztf=ERR  lsst=2.27s  antares=1.43s  [88 samples]
Aug 16 09:35:02 garey lsst-latency-sample[206410]:   sampling ztf ...
Aug 16 09:35:55 garey lsst-latency-sample[206410]:   sampling lsst ...
Aug 16 09:36:17 garey lsst-latency-sample[206410]:   sampling antares ...
Aug 16 09:36:21 garey lsst-latency-sample[206410]: 2026-08-16T09:35:02+0200  ztf=3.40s  lsst=2.36s  antares=0.90s  [89 samples]
Aug 16 10:58:02 garey lsst-latency-sample[209821]:   sampling ztf ...
Aug 16 10:58:55 garey lsst-latency-sample[209821]:   sampling lsst ...
Aug 16 10:59:09 garey lsst-latency-sample[209821]:   sampling antares ...
Aug 16 10:59:13 garey lsst-latency-sample[209821]: 2026-08-16T10:58:02+0200  ztf=3.39s  lsst=2.22s  antares=0.78s  [91 samples]
Aug 16 11:36:02 garey lsst-latency-sample[212006]:   sampling ztf ...
Aug 16 11:36:50 garey lsst-latency-sample[212006]:   sampling lsst ...
Aug 16 11:37:12 garey lsst-latency-sample[212006]:   sampling antares ...
Aug 16 11:37:15 garey lsst-latency-sample[212006]: 2026-08-16T11:36:02+0200  ztf=3.42s  lsst=2.24s  antares=0.77s  [92 samples]
Aug 16 12:54:36 garey lsst-latency-sample[216515]:   sampling ztf ...
Aug 16 12:55:27 garey lsst-latency-sample[216515]:   sampling lsst ...
Aug 16 12:55:40 garey lsst-latency-sample[216515]:   sampling antares ...
Aug 16 12:55:44 garey lsst-latency-sample[216515]: 2026-08-16T12:54:36+0200  ztf=3.16s  lsst=2.23s  antares=0.81s  [94 samples]
Aug 16 13:30:28 garey lsst-latency-sample[217688]:   sampling ztf ...
Aug 16 13:31:34 garey lsst-latency-sample[217688]:   sampling lsst ...
Aug 16 13:31:55 garey lsst-latency-sample[217688]:   sampling antares ...
Aug 16 13:31:59 garey lsst-latency-sample[217688]: 2026-08-16T13:30:28+0200  ztf=3.22s  lsst=2.12s  antares=0.93s  [96 samples]
Aug 16 14:23:02 garey lsst-latency-sample[219139]:   sampling ztf ...
Aug 16 14:23:50 garey lsst-latency-sample[219139]:   sampling lsst ...
Aug 16 14:24:03 garey lsst-latency-sample[219139]:   sampling antares ...
Aug 16 14:24:07 garey lsst-latency-sample[219139]: 2026-08-16T14:23:02+0200  ztf=3.15s  lsst=2.16s  antares=0.93s  [97 samples]
Aug 16 15:53:02 garey lsst-latency-sample[227576]:   sampling ztf ...
Aug 16 15:53:50 garey lsst-latency-sample[227576]:   sampling lsst ...
Aug 16 15:54:03 garey lsst-latency-sample[227576]:   sampling antares ...
Aug 16 15:54:08 garey lsst-latency-sample[227576]: 2026-08-16T15:53:02+0200  ztf=3.46s  lsst=2.26s  antares=0.94s  [99 samples]
Aug 16 16:39:02 garey lsst-latency-sample[231768]:   sampling ztf ...
Aug 16 16:39:51 garey lsst-latency-sample[231768]:   sampling lsst ...
Aug 16 16:40:12 garey lsst-latency-sample[231768]:   sampling antares ...
Aug 16 16:40:16 garey lsst-latency-sample[231768]: 2026-08-16T16:39:02+0200  ztf=3.51s  lsst=2.32s  antares=0.82s  [100 samples]
Aug 16 17:48:02 garey lsst-latency-sample[234389]:   sampling ztf ...
Aug 16 17:48:50 garey lsst-latency-sample[234389]:   sampling lsst ...
Aug 16 17:49:03 garey lsst-latency-sample[234389]:   sampling antares ...
Aug 16 17:49:07 garey lsst-latency-sample[234389]: 2026-08-16T17:48:02+0200  ztf=3.52s  lsst=2.25s  antares=0.79s  [102 samples]
Aug 16 18:43:02 garey lsst-latency-sample[236120]:   sampling ztf ...
Aug 16 18:44:03 garey lsst-latency-sample[236120]:   sampling lsst ...
Aug 16 18:44:20 garey lsst-latency-sample[236120]:   sampling antares ...
Aug 16 18:44:24 garey lsst-latency-sample[236120]: 2026-08-16T18:43:02+0200  ztf=3.52s  lsst=2.24s  antares=0.81s  [103 samples]
Aug 16 19:18:02 garey lsst-latency-sample[237162]:   sampling ztf ...
Aug 16 19:18:51 garey lsst-latency-sample[237162]:   sampling lsst ...
Aug 16 19:19:04 garey lsst-latency-sample[237162]:   sampling antares ...
Aug 16 19:19:08 garey lsst-latency-sample[237162]: 2026-08-16T19:18:02+0200  ztf=3.51s  lsst=2.22s  antares=0.81s  [104 samples]
Aug 16 20:21:02 garey lsst-latency-sample[239652]:   sampling ztf ...
Aug 16 20:22:01 garey lsst-latency-sample[239652]:   sampling lsst ...
Aug 16 20:22:21 garey lsst-latency-sample[239652]:   sampling antares ...
Aug 16 20:22:25 garey lsst-latency-sample[239652]: 2026-08-16T20:21:02+0200  ztf=3.51s  lsst=2.24s  antares=0.77s  [106 samples]
Aug 16 21:29:02 garey lsst-latency-sample[242111]:   sampling ztf ...
Aug 16 21:29:48 garey lsst-latency-sample[242111]:   sampling lsst ...
Aug 16 21:30:09 garey lsst-latency-sample[242111]:   sampling antares ...
Aug 16 21:30:14 garey lsst-latency-sample[242111]: 2026-08-16T21:29:02+0200  ztf=3.40s  lsst=2.28s  antares=0.93s  [108 samples]
Aug 16 22:20:02 garey lsst-latency-sample[245204]:   sampling ztf ...
Aug 16 22:20:54 garey lsst-latency-sample[245204]:   sampling lsst ...
Aug 16 22:21:15 garey lsst-latency-sample[245204]:   sampling antares ...
Aug 16 22:21:19 garey lsst-latency-sample[245204]: 2026-08-16T22:20:02+0200  ztf=3.54s  lsst=2.35s  antares=0.76s  [109 samples]
Aug 17 10:03:14 garey lsst-latency-sample[246487]:   sampling ztf ...
Aug 17 10:04:16 garey lsst-latency-sample[246487]:   sampling lsst ...
Aug 17 10:04:36 garey lsst-latency-sample[246487]:   sampling antares ...
Aug 17 10:04:42 garey lsst-latency-sample[246487]: 2026-08-17T10:03:14+0200  ztf=3.32s  lsst=2.24s  antares=1.34s  [111 samples]
Aug 17 11:09:02 garey lsst-latency-sample[251101]:   sampling ztf ...
Aug 17 11:09:53 garey lsst-latency-sample[251101]:   sampling lsst ...
Aug 17 11:10:14 garey lsst-latency-sample[251101]:   sampling antares ...
Aug 17 11:10:17 garey lsst-latency-sample[251101]: 2026-08-17T11:09:02+0200  ztf=3.62s  lsst=2.23s  antares=0.78s  [112 samples]
Aug 17 12:15:37 garey lsst-latency-sample[253569]:   sampling ztf ...
Aug 17 12:16:28 garey lsst-latency-sample[253569]:   sampling lsst ...
Aug 17 12:16:43 garey lsst-latency-sample[253569]:   sampling antares ...
Aug 17 12:16:46 garey lsst-latency-sample[253569]: 2026-08-17T12:15:37+0200  ztf=3.44s  lsst=2.26s  antares=0.77s  [114 samples]
Aug 17 13:27:02 garey lsst-latency-sample[257571]:   sampling ztf ...
Aug 17 13:27:51 garey lsst-latency-sample[257571]:   sampling lsst ...
Aug 17 13:28:11 garey lsst-latency-sample[257571]:   sampling antares ...
Aug 17 13:28:17 garey lsst-latency-sample[257571]: 2026-08-17T13:27:02+0200  ztf=3.49s  lsst=2.27s  antares=1.11s  [117 samples]
Aug 17 14:54:02 garey lsst-latency-sample[262350]:   sampling ztf ...
Aug 17 14:54:50 garey lsst-latency-sample[262350]:   sampling lsst ...
Aug 17 14:55:09 garey lsst-latency-sample[262350]:   sampling antares ...
Aug 17 14:55:13 garey lsst-latency-sample[262350]: 2026-08-17T14:54:02+0200  ztf=3.50s  lsst=2.11s  antares=0.78s  [121 samples]
Aug 17 15:23:02 garey lsst-latency-sample[263269]:   sampling ztf ...
Aug 17 15:23:55 garey lsst-latency-sample[263269]:   sampling lsst ...
Aug 17 15:24:09 garey lsst-latency-sample[263269]:   sampling antares ...
Aug 17 15:24:13 garey lsst-latency-sample[263269]: 2026-08-17T15:23:02+0200  ztf=3.37s  lsst=2.11s  antares=0.79s  [122 samples]
Aug 17 16:54:02 garey lsst-latency-sample[267139]:   sampling ztf ...
Aug 17 16:55:01 garey lsst-latency-sample[267139]:   sampling lsst ...
Aug 17 16:55:22 garey lsst-latency-sample[267139]:   sampling antares ...
Aug 17 16:55:26 garey lsst-latency-sample[267139]: 2026-08-17T16:54:02+0200  ztf=3.59s  lsst=2.40s  antares=0.80s  [124 samples]
Aug 17 17:50:02 garey lsst-latency-sample[268968]:   sampling ztf ...
Aug 17 17:50:49 garey lsst-latency-sample[268968]:   sampling lsst ...
Aug 17 17:51:09 garey lsst-latency-sample[268968]:   sampling antares ...
Aug 17 17:51:13 garey lsst-latency-sample[268968]: 2026-08-17T17:50:02+0200  ztf=3.42s  lsst=2.25s  antares=0.82s  [125 samples]
Aug 17 18:15:02 garey lsst-latency-sample[269633]:   sampling ztf ...
Aug 17 18:15:50 garey lsst-latency-sample[269633]:   sampling lsst ...
Aug 17 18:16:10 garey lsst-latency-sample[269633]:   sampling antares ...
Aug 17 18:16:14 garey lsst-latency-sample[269633]: 2026-08-17T18:15:02+0200  ztf=3.49s  lsst=2.24s  antares=0.84s  [126 samples]
Aug 17 19:42:02 garey lsst-latency-sample[272415]:   sampling ztf ...
Aug 17 19:42:51 garey lsst-latency-sample[272415]:   sampling lsst ...
Aug 17 19:43:11 garey lsst-latency-sample[272415]:   sampling antares ...
Aug 17 19:43:16 garey lsst-latency-sample[272415]: 2026-08-17T19:42:02+0200  ztf=3.52s  lsst=2.28s  antares=0.81s  [128 samples]
Aug 17 20:16:02 garey lsst-latency-sample[273834]:   sampling ztf ...
Aug 17 20:16:50 garey lsst-latency-sample[273834]:   sampling lsst ...
Aug 17 20:17:10 garey lsst-latency-sample[273834]:   sampling antares ...
Aug 17 20:17:14 garey lsst-latency-sample[273834]: 2026-08-17T20:16:02+0200  ztf=3.42s  lsst=2.32s  antares=0.80s  [130 samples]
Aug 17 21:11:02 garey lsst-latency-sample[278325]:   sampling ztf ...
Aug 17 21:11:53 garey lsst-latency-sample[278325]:   sampling lsst ...
Aug 17 21:12:12 garey lsst-latency-sample[278325]:   sampling antares ...
Aug 17 21:12:16 garey lsst-latency-sample[278325]: 2026-08-17T21:11:02+0200  ztf=3.64s  lsst=2.27s  antares=0.79s  [133 samples]
Aug 17 22:05:03 garey lsst-latency-sample[285916]:   sampling ztf ...
Aug 17 22:05:41 garey lsst-latency-sample[285916]:   sampling lsst ...
Aug 17 22:06:01 garey lsst-latency-sample[285916]:   sampling antares ...
Aug 17 22:06:05 garey lsst-latency-sample[285916]: 2026-08-17T22:05:03+0200  ztf=3.44s  lsst=2.28s  antares=0.77s  [135 samples]
Aug 17 23:57:02 garey lsst-latency-sample[304787]:   sampling ztf ...
Aug 17 23:57:52 garey lsst-latency-sample[304787]:   sampling lsst ...
Aug 17 23:58:13 garey lsst-latency-sample[304787]:   sampling antares ...
Aug 17 23:58:17 garey lsst-latency-sample[304787]: 2026-08-17T23:57:02+0200  ztf=4.00s  lsst=2.40s  antares=0.79s  [137 samples]
-- Boot a37dea2a83484abaa38b590d40aaf9df --
Aug 18 08:43:24 garey lsst-latency-sample[5806]:   sampling ztf ...
Aug 18 08:44:38 garey lsst-latency-sample[5806]:   sampling lsst ...
Aug 18 08:46:04 garey lsst-latency-sample[5806]:   sampling antares ...
Aug 18 08:46:10 garey lsst-latency-sample[5806]: 2026-08-18T08:43:24+0200  ztf=3.56s  lsst=2.71s  antares=1.12s  [140 samples]
Aug 18 09:44:55 garey lsst-latency-sample[6833]:   sampling ztf ...
Aug 18 09:45:47 garey lsst-latency-sample[6833]:   sampling lsst ...
Aug 18 09:46:08 garey lsst-latency-sample[6833]:   sampling antares ...
Aug 18 09:46:12 garey lsst-latency-sample[6833]: 2026-08-18T09:44:55+0200  ztf=3.60s  lsst=2.34s  antares=0.81s  [141 samples]
Aug 18 10:32:56 garey lsst-latency-sample[9232]:   sampling ztf ...
Aug 18 10:33:52 garey lsst-latency-sample[9232]:   sampling lsst ...
Aug 18 10:34:06 garey lsst-latency-sample[9232]:   sampling antares ...
Aug 18 10:34:10 garey lsst-latency-sample[9232]: 2026-08-18T10:32:56+0200  ztf=3.58s  lsst=2.28s  antares=0.82s  [143 samples]
Aug 18 11:47:43 garey lsst-latency-sample[12153]:   sampling ztf ...
Aug 18 11:48:31 garey lsst-latency-sample[12153]:   sampling lsst ...
Aug 18 11:48:53 garey lsst-latency-sample[12153]:   sampling antares ...
Aug 18 11:48:58 garey lsst-latency-sample[12153]: 2026-08-18T11:47:43+0200  ztf=3.43s  lsst=2.25s  antares=0.85s  [144 samples]
Aug 18 12:01:56 garey lsst-latency-sample[13401]:   sampling ztf ...
Aug 18 12:03:10 garey lsst-latency-sample[13401]:   sampling lsst ...
Aug 18 12:03:31 garey lsst-latency-sample[13401]:   sampling antares ...
Aug 18 12:03:35 garey lsst-latency-sample[13401]: 2026-08-18T12:01:56+0200  ztf=3.39s  lsst=2.39s  antares=0.75s  [145 samples]
Aug 18 13:41:55 garey lsst-latency-sample[16211]:   sampling ztf ...
Aug 18 13:42:46 garey lsst-latency-sample[16211]:   sampling lsst ...
Aug 18 13:43:07 garey lsst-latency-sample[16211]:   sampling antares ...
Aug 18 13:43:11 garey lsst-latency-sample[16211]: 2026-08-18T13:41:55+0200  ztf=3.56s  lsst=2.29s  antares=1.03s  [147 samples]
Aug 18 14:17:55 garey lsst-latency-sample[16562]:   sampling ztf ...
Aug 18 14:18:50 garey lsst-latency-sample[16562]:   sampling lsst ...
Aug 18 14:19:03 garey lsst-latency-sample[16562]:   sampling antares ...
Aug 18 14:19:07 garey lsst-latency-sample[16562]: 2026-08-18T14:17:55+0200  ztf=3.52s  lsst=2.12s  antares=0.79s  [148 samples]
Aug 18 14:49:11 garey lsst-latency-sample[17790]:   sampling ztf ...
Aug 18 14:49:56 garey lsst-latency-sample[17790]:   sampling lsst ...
Aug 18 14:50:17 garey lsst-latency-sample[17790]:   sampling antares ...
Aug 18 14:50:22 garey lsst-latency-sample[17790]: 2026-08-18T14:49:11+0200  ztf=3.49s  lsst=2.24s  antares=0.80s  [150 samples]
Aug 18 15:02:56 garey lsst-latency-sample[18232]:   sampling ztf ...
Aug 18 15:03:45 garey lsst-latency-sample[18232]:   sampling lsst ...
Aug 18 15:03:58 garey lsst-latency-sample[18232]:   sampling antares ...
Aug 18 15:04:02 garey lsst-latency-sample[18232]: 2026-08-18T15:02:56+0200  ztf=3.23s  lsst=2.12s  antares=0.83s  [151 samples]
-- Boot 2987136d41a64e209a506b5aa870bd56 --
Aug 18 16:43:38 garey lsst-latency-sample[6981]:   sampling ztf ...
Aug 18 16:44:26 garey lsst-latency-sample[6981]:   sampling lsst ...
Aug 18 16:44:45 garey lsst-latency-sample[6981]:   sampling antares ...
Aug 18 16:44:52 garey lsst-latency-sample[6981]: 2026-08-18T16:43:38+0200  ztf=3.48s  lsst=2.23s  antares=1.21s  [152 samples]
Aug 18 17:49:04 garey lsst-latency-sample[9095]:   sampling ztf ...
Aug 18 17:49:50 garey lsst-latency-sample[9095]:   sampling lsst ...
Aug 18 17:50:11 garey lsst-latency-sample[9095]:   sampling antares ...
Aug 18 17:50:17 garey lsst-latency-sample[9095]: 2026-08-18T17:49:04+0200  ztf=3.42s  lsst=2.27s  antares=1.14s  [154 samples]
Aug 18 18:42:03 garey lsst-latency-sample[10430]:   sampling ztf ...
Aug 18 18:42:50 garey lsst-latency-sample[10430]:   sampling lsst ...
Aug 18 18:43:11 garey lsst-latency-sample[10430]:   sampling antares ...
Aug 18 18:43:17 garey lsst-latency-sample[10430]: 2026-08-18T18:42:03+0200  ztf=3.17s  lsst=2.23s  antares=1.25s  [157 samples]
Aug 18 20:10:11 garey lsst-latency-sample[11643]:   sampling ztf ...
Aug 18 20:10:57 garey lsst-latency-sample[11643]:   sampling lsst ...
Aug 18 20:11:17 garey lsst-latency-sample[11643]:   sampling antares ...
Aug 18 20:11:22 garey lsst-latency-sample[11643]: 2026-08-18T20:10:11+0200  ztf=3.57s  lsst=2.26s  antares=1.15s  [158 samples]
Aug 18 21:44:04 garey lsst-latency-sample[15357]:   sampling ztf ...
Aug 18 21:44:49 garey lsst-latency-sample[15357]:   sampling lsst ...
Aug 18 21:45:09 garey lsst-latency-sample[15357]:   sampling antares ...
Aug 18 21:45:15 garey lsst-latency-sample[15357]: 2026-08-18T21:44:04+0200  ztf=3.58s  lsst=2.26s  antares=1.11s  [160 samples]
Aug 18 22:04:04 garey lsst-latency-sample[16309]:   sampling ztf ...
Aug 18 22:05:14 garey lsst-latency-sample[16309]:   sampling lsst ...
Aug 18 22:05:34 garey lsst-latency-sample[16309]:   sampling antares ...
Aug 18 22:05:39 garey lsst-latency-sample[16309]: 2026-08-18T22:04:04+0200  ztf=3.58s  lsst=2.29s  antares=1.13s  [161 samples]
Aug 24 07:40:13 garey lsst-latency-sample[21286]:   sampling ztf ...
Aug 24 07:40:48 garey lsst-latency-sample[21286]:   sampling lsst ...
Aug 24 07:41:09 garey lsst-latency-sample[21286]:   sampling antares ...
Aug 24 07:41:16 garey lsst-latency-sample[21286]: 2026-08-24T07:40:13+0200  ztf=3.18s  lsst=2.17s  antares=1.39s  [163 samples]
Aug 24 08:05:03 garey lsst-latency-sample[23027]:   sampling ztf ...
Aug 24 08:05:42 garey lsst-latency-sample[23027]:   sampling lsst ...
Aug 24 08:06:03 garey lsst-latency-sample[23027]:   sampling antares ...
Aug 24 08:06:09 garey lsst-latency-sample[23027]: 2026-08-24T08:05:03+0200  ztf=3.39s  lsst=2.34s  antares=1.16s  [164 samples]
Aug 24 09:45:04 garey lsst-latency-sample[26151]:   sampling ztf ...
Aug 24 09:45:56 garey lsst-latency-sample[26151]:   sampling lsst ...
Aug 24 09:46:15 garey lsst-latency-sample[26151]:   sampling antares ...
Aug 24 09:46:19 garey lsst-latency-sample[26151]: 2026-08-24T09:45:04+0200  ztf=3.26s  lsst=2.17s  antares=0.82s  [165 samples]
Aug 24 10:20:03 garey lsst-latency-sample[27225]:   sampling ztf ...
Aug 24 10:20:53 garey lsst-latency-sample[27225]:   sampling lsst ...
Aug 24 10:21:15 garey lsst-latency-sample[27225]:   sampling antares ...
Aug 24 10:21:19 garey lsst-latency-sample[27225]: 2026-08-24T10:20:03+0200  ztf=3.39s  lsst=2.30s  antares=0.77s  [166 samples]
Aug 24 11:11:03 garey lsst-latency-sample[30537]:   sampling ztf ...
Aug 24 11:11:49 garey lsst-latency-sample[30537]:   sampling lsst ...
Aug 24 11:12:10 garey lsst-latency-sample[30537]:   sampling antares ...
Aug 24 11:12:14 garey lsst-latency-sample[30537]: 2026-08-24T11:11:03+0200  ztf=3.31s  lsst=2.17s  antares=0.81s  [168 samples]
Aug 24 12:11:03 garey lsst-latency-sample[33217]:   sampling ztf ...
Aug 24 12:11:38 garey lsst-latency-sample[33217]:   sampling lsst ...
Aug 24 12:11:59 garey lsst-latency-sample[33217]:   sampling antares ...
Aug 24 12:12:04 garey lsst-latency-sample[33217]: 2026-08-24T12:11:03+0200  ztf=3.44s  lsst=2.18s  antares=1.21s  [169 samples]
Aug 24 13:36:04 garey lsst-latency-sample[38705]:   sampling ztf ...
Aug 24 13:36:35 garey lsst-latency-sample[38705]:   sampling lsst ...
Aug 24 13:36:56 garey lsst-latency-sample[38705]:   sampling antares ...
Aug 24 13:37:02 garey lsst-latency-sample[38705]: 2026-08-24T13:36:04+0200  ztf=3.48s  lsst=2.17s  antares=1.24s  [171 samples]
Aug 24 14:30:03 garey lsst-latency-sample[40901]:   sampling ztf ...
Aug 24 14:30:51 garey lsst-latency-sample[40901]:   sampling lsst ...
Aug 24 14:31:11 garey lsst-latency-sample[40901]:   sampling antares ...
Aug 24 14:31:17 garey lsst-latency-sample[40901]: 2026-08-24T14:30:03+0200  ztf=3.06s  lsst=2.04s  antares=1.43s  [172 samples]
Aug 24 15:11:04 garey lsst-latency-sample[43075]:   sampling ztf ...
Aug 24 15:11:37 garey lsst-latency-sample[43075]:   sampling lsst ...
Aug 24 15:11:58 garey lsst-latency-sample[43075]:   sampling antares ...
Aug 24 15:12:03 garey lsst-latency-sample[43075]: 2026-08-24T15:11:04+0200  ztf=3.47s  lsst=2.17s  antares=1.04s  [173 samples]
Aug 24 16:47:03 garey lsst-latency-sample[49358]:   sampling ztf ...
Aug 24 16:47:40 garey lsst-latency-sample[49358]:   sampling lsst ...
Aug 24 16:48:00 garey lsst-latency-sample[49358]:   sampling antares ...
Aug 24 16:48:05 garey lsst-latency-sample[49358]: 2026-08-24T16:47:03+0200  ztf=3.39s  lsst=2.17s  antares=0.96s  [174 samples]
Aug 24 17:55:03 garey lsst-latency-sample[51059]:   sampling ztf ...
Aug 24 17:55:54 garey lsst-latency-sample[51059]:   sampling lsst ...
Aug 24 17:56:19 garey lsst-latency-sample[51059]:   sampling antares ...
Aug 24 17:56:24 garey lsst-latency-sample[51059]: 2026-08-24T17:55:03+0200  ztf=3.34s  lsst=2.11s  antares=1.13s  [176 samples]
Aug 24 18:29:03 garey lsst-latency-sample[51623]:   sampling ztf ...
Aug 24 18:30:07 garey lsst-latency-sample[51623]:   sampling lsst ...
Aug 24 18:30:30 garey lsst-latency-sample[51623]:   sampling antares ...
Aug 24 18:30:36 garey lsst-latency-sample[51623]: 2026-08-24T18:29:03+0200  ztf=2.93s  lsst=2.11s  antares=1.19s  [177 samples]
Aug 24 19:40:03 garey lsst-latency-sample[53336]:   sampling ztf ...
Aug 24 19:40:41 garey lsst-latency-sample[53336]:   sampling lsst ...
Aug 24 19:41:01 garey lsst-latency-sample[53336]:   sampling antares ...
Aug 24 19:41:06 garey lsst-latency-sample[53336]: 2026-08-24T19:40:03+0200  ztf=3.30s  lsst=2.10s  antares=0.88s  [179 samples]
Aug 24 20:22:03 garey lsst-latency-sample[54054]:   sampling ztf ...
Aug 24 20:22:47 garey lsst-latency-sample[54054]:   sampling lsst ...
Aug 24 20:23:07 garey lsst-latency-sample[54054]:   sampling antares ...
Aug 24 20:23:12 garey lsst-latency-sample[54054]: 2026-08-24T20:22:03+0200  ztf=3.22s  lsst=2.12s  antares=1.13s  [180 samples]
Aug 24 22:25:57 garey lsst-latency-sample[55263]:   sampling ztf ...
Aug 24 22:26:35 garey lsst-latency-sample[55263]:   sampling lsst ...
Aug 24 22:26:56 garey lsst-latency-sample[55263]:   sampling antares ...
Aug 24 22:27:03 garey lsst-latency-sample[55263]: 2026-08-24T22:25:57+0200  ztf=3.19s  lsst=2.12s  antares=1.09s  [182 samples]
Aug 25 12:02:51 garey lsst-latency-sample[57991]:   sampling ztf ...
Aug 25 12:03:38 garey lsst-latency-sample[57991]:   sampling lsst ...
Aug 25 12:03:51 garey lsst-latency-sample[57991]:   sampling antares ...
Aug 25 12:03:55 garey lsst-latency-sample[57991]: 2026-08-25T12:02:51+0200  ztf=3.14s  lsst=2.51s  antares=0.76s  [184 samples]
Aug 25 13:20:03 garey lsst-latency-sample[68062]:   sampling ztf ...
Aug 25 13:20:41 garey lsst-latency-sample[68062]:   sampling lsst ...
Aug 25 13:21:02 garey lsst-latency-sample[68062]:   sampling antares ...
Aug 25 13:21:06 garey lsst-latency-sample[68062]: 2026-08-25T13:20:03+0200  ztf=3.29s  lsst=2.12s  antares=0.82s  [186 samples]
Aug 25 14:07:03 garey lsst-latency-sample[69607]:   sampling ztf ...
Aug 25 14:07:38 garey lsst-latency-sample[69607]:   sampling lsst ...
Aug 25 14:07:58 garey lsst-latency-sample[69607]:   sampling antares ...
Aug 25 14:08:03 garey lsst-latency-sample[69607]: 2026-08-25T14:07:03+0200  ztf=3.11s  lsst=2.12s  antares=1.12s  [187 samples]
Aug 25 15:40:03 garey lsst-latency-sample[73054]:   sampling ztf ...
Aug 25 15:40:39 garey lsst-latency-sample[73054]:   sampling lsst ...
Aug 25 15:41:00 garey lsst-latency-sample[73054]:   sampling antares ...
Aug 25 15:41:04 garey lsst-latency-sample[73054]: 2026-08-25T15:40:03+0200  ztf=3.08s  lsst=1.94s  antares=0.84s  [190 samples]
Aug 25 16:53:03 garey lsst-latency-sample[77988]:   sampling ztf ...
Aug 25 16:53:43 garey lsst-latency-sample[77988]:   sampling lsst ...
Aug 25 16:53:59 garey lsst-latency-sample[77988]:   sampling antares ...
Aug 25 16:54:03 garey lsst-latency-sample[77988]: 2026-08-25T16:53:03+0200  ztf=3.11s  lsst=1.95s  antares=0.83s  [192 samples]
Aug 25 17:48:03 garey lsst-latency-sample[81361]:   sampling ztf ...
Aug 25 17:48:46 garey lsst-latency-sample[81361]:   sampling lsst ...
Aug 25 17:49:02 garey lsst-latency-sample[81361]:   sampling antares ...
Aug 25 17:49:06 garey lsst-latency-sample[81361]: 2026-08-25T17:48:03+0200  ztf=3.04s  lsst=1.96s  antares=0.79s  [194 samples]
Aug 25 18:17:03 garey lsst-latency-sample[81943]:   sampling ztf ...
Aug 25 18:17:41 garey lsst-latency-sample[81943]:   sampling lsst ...
Aug 25 18:18:01 garey lsst-latency-sample[81943]:   sampling antares ...
Aug 25 18:18:05 garey lsst-latency-sample[81943]: 2026-08-25T18:17:03+0200  ztf=3.06s  lsst=2.20s  antares=0.79s  [195 samples]
Aug 25 19:24:03 garey lsst-latency-sample[83329]:   sampling ztf ...
Aug 25 19:24:46 garey lsst-latency-sample[83329]:   sampling lsst ...
Aug 25 19:25:06 garey lsst-latency-sample[83329]:   sampling antares ...
Aug 25 19:25:09 garey lsst-latency-sample[83329]: 2026-08-25T19:24:03+0200  ztf=3.18s  lsst=2.12s  antares=0.79s  [196 samples]
Aug 25 20:51:04 garey lsst-latency-sample[90178]:   sampling ztf ...
Aug 25 20:51:54 garey lsst-latency-sample[90178]:   sampling lsst ...
Aug 25 20:52:13 garey lsst-latency-sample[90178]:   sampling antares ...
Aug 25 20:52:17 garey lsst-latency-sample[90178]: 2026-08-25T20:51:04+0200  ztf=3.21s  lsst=1.95s  antares=0.79s  [198 samples]
Aug 25 21:27:03 garey lsst-latency-sample[92314]:   sampling ztf ...
Aug 25 21:27:43 garey lsst-latency-sample[92314]:   sampling lsst ...
Aug 25 21:28:03 garey lsst-latency-sample[92314]:   sampling antares ...
Aug 25 21:28:07 garey lsst-latency-sample[92314]: 2026-08-25T21:27:03+0200  ztf=3.32s  lsst=2.05s  antares=0.79s  [200 samples]
Aug 26 07:56:32 garey lsst-latency-sample[93966]:   sampling ztf ...
Aug 26 07:57:10 garey lsst-latency-sample[93966]:   sampling lsst ...
Aug 26 07:57:31 garey lsst-latency-sample[93966]:   sampling antares ...
Aug 26 07:57:38 garey lsst-latency-sample[93966]: 2026-08-26T07:56:32+0200  ztf=3.41s  lsst=2.19s  antares=1.42s  [203 samples]
Aug 26 08:06:39 garey lsst-latency-sample[95101]:   sampling ztf ...
Aug 26 08:07:18 garey lsst-latency-sample[95101]:   sampling lsst ...
Aug 26 08:07:37 garey lsst-latency-sample[95101]:   sampling antares ...
Aug 26 08:07:43 garey lsst-latency-sample[95101]: 2026-08-26T08:06:39+0200  ztf=3.20s  lsst=2.17s  antares=1.17s  [204 samples]
Aug 26 09:48:03 garey lsst-latency-sample[99050]:   sampling ztf ...
Aug 26 09:48:41 garey lsst-latency-sample[99050]:   sampling lsst ...
Aug 26 09:48:55 garey lsst-latency-sample[99050]:   sampling antares ...
Aug 26 09:49:01 garey lsst-latency-sample[99050]: 2026-08-26T09:48:03+0200  ztf=3.51s  lsst=2.06s  antares=1.26s  [206 samples]
Aug 26 10:23:04 garey lsst-latency-sample[101181]:   sampling ztf ...
Aug 26 10:23:46 garey lsst-latency-sample[101181]:   sampling lsst ...
Aug 26 10:23:59 garey lsst-latency-sample[101181]:   sampling antares ...
Aug 26 10:24:05 garey lsst-latency-sample[101181]: 2026-08-26T10:23:04+0200  ztf=3.53s  lsst=2.18s  antares=1.28s  [208 samples]
Aug 26 11:55:03 garey lsst-latency-sample[105507]:   sampling ztf ...
Aug 26 11:55:43 garey lsst-latency-sample[105507]:   sampling lsst ...
Aug 26 11:55:56 garey lsst-latency-sample[105507]:   sampling antares ...
Aug 26 11:56:00 garey lsst-latency-sample[105507]: 2026-08-26T11:55:03+0200  ztf=3.09s  lsst=1.94s  antares=0.81s  [210 samples]
Aug 26 12:59:04 garey lsst-latency-sample[106735]:   sampling ztf ...
Aug 26 12:59:46 garey lsst-latency-sample[106735]:   sampling lsst ...
Aug 26 13:00:07 garey lsst-latency-sample[106735]:   sampling antares ...
Aug 26 13:00:11 garey lsst-latency-sample[106735]: 2026-08-26T12:59:04+0200  ztf=2.96s  lsst=2.25s  antares=0.85s  [211 samples]
Aug 26 13:41:03 garey lsst-latency-sample[108799]:   sampling ztf ...
Aug 26 13:41:40 garey lsst-latency-sample[108799]:   sampling lsst ...
Aug 26 13:42:00 garey lsst-latency-sample[108799]:   sampling antares ...
Aug 26 13:42:04 garey lsst-latency-sample[108799]: 2026-08-26T13:41:03+0200  ztf=3.07s  lsst=1.97s  antares=0.80s  [213 samples]
Aug 26 14:48:03 garey lsst-latency-sample[115573]:   sampling ztf ...
Aug 26 14:48:38 garey lsst-latency-sample[115573]:   sampling lsst ...
Aug 26 14:48:51 garey lsst-latency-sample[115573]:   sampling antares ...
Aug 26 14:48:56 garey lsst-latency-sample[115573]: 2026-08-26T14:48:03+0200  ztf=3.21s  lsst=1.94s  antares=1.01s  [215 samples]
Aug 26 15:24:04 garey lsst-latency-sample[118370]:   sampling ztf ...
Aug 26 15:24:51 garey lsst-latency-sample[118370]:   sampling lsst ...
Aug 26 15:25:13 garey lsst-latency-sample[118370]:   sampling antares ...
Aug 26 15:25:18 garey lsst-latency-sample[118370]: 2026-08-26T15:24:04+0200  ztf=3.29s  lsst=2.20s  antares=0.78s  [216 samples]
Aug 26 16:56:03 garey lsst-latency-sample[123359]:   sampling ztf ...
Aug 26 16:56:41 garey lsst-latency-sample[123359]:   sampling lsst ...
Aug 26 16:57:01 garey lsst-latency-sample[123359]:   sampling antares ...
Aug 26 16:57:06 garey lsst-latency-sample[123359]: 2026-08-26T16:56:03+0200  ztf=3.08s  lsst=2.06s  antares=1.08s  [218 samples]
Aug 26 17:18:04 garey lsst-latency-sample[124540]:   sampling ztf ...
Aug 26 17:18:40 garey lsst-latency-sample[124540]:   sampling lsst ...
Aug 26 17:18:54 garey lsst-latency-sample[124540]:   sampling antares ...
Aug 26 17:18:58 garey lsst-latency-sample[124540]: 2026-08-26T17:18:04+0200  ztf=3.42s  lsst=2.18s  antares=0.92s  [219 samples]
Aug 26 18:30:03 garey lsst-latency-sample[126472]:   sampling ztf ...
Aug 26 18:30:51 garey lsst-latency-sample[126472]:   sampling lsst ...
Aug 26 18:31:12 garey lsst-latency-sample[126472]:   sampling antares ...
Aug 26 18:31:17 garey lsst-latency-sample[126472]: 2026-08-26T18:30:03+0200  ztf=3.23s  lsst=2.18s  antares=1.05s  [221 samples]
Aug 26 19:07:03 garey lsst-latency-sample[127169]:   sampling ztf ...
Aug 26 19:07:41 garey lsst-latency-sample[127169]:   sampling lsst ...
Aug 26 19:08:02 garey lsst-latency-sample[127169]:   sampling antares ...
Aug 26 19:08:06 garey lsst-latency-sample[127169]: 2026-08-26T19:07:03+0200  ztf=3.18s  lsst=2.06s  antares=0.91s  [222 samples]
Aug 26 20:49:03 garey lsst-latency-sample[132144]:   sampling ztf ...
Aug 26 20:50:03 garey lsst-latency-sample[132144]:   sampling lsst ...
Aug 26 20:50:25 garey lsst-latency-sample[132144]:   sampling antares ...
Aug 26 20:50:30 garey lsst-latency-sample[132144]: 2026-08-26T20:49:03+0200  ztf=3.14s  lsst=2.05s  antares=0.85s  [224 samples]
Aug 26 21:11:04 garey lsst-latency-sample[133855]:   sampling ztf ...
Aug 26 21:11:45 garey lsst-latency-sample[133855]:   sampling lsst ...
Aug 26 21:13:08 garey lsst-latency-sample[133855]:   sampling antares ...
Aug 26 21:13:12 garey lsst-latency-sample[133855]: 2026-08-26T21:11:04+0200  ztf=3.53s  lsst=2.25s  antares=1.03s  [226 samples]
Aug 27 07:47:45 garey lsst-latency-sample[137735]:   sampling ztf ...
Aug 27 07:48:20 garey lsst-latency-sample[137735]:   sampling lsst ...
Aug 27 07:48:40 garey lsst-latency-sample[137735]:   sampling antares ...
Aug 27 07:48:45 garey lsst-latency-sample[137735]: 2026-08-27T07:47:45+0200  ztf=3.39s  lsst=2.18s  antares=0.90s  [227 samples]
Aug 27 08:46:03 garey lsst-latency-sample[139644]:   sampling ztf ...
Aug 27 08:46:41 garey lsst-latency-sample[139644]:   sampling lsst ...
Aug 27 08:47:02 garey lsst-latency-sample[139644]:   sampling antares ...
Aug 27 08:47:08 garey lsst-latency-sample[139644]: 2026-08-27T08:46:03+0200  ztf=3.25s  lsst=2.19s  antares=1.28s  [228 samples]
Aug 27 09:26:04 garey lsst-latency-sample[141933]:   sampling ztf ...
Aug 27 09:26:41 garey lsst-latency-sample[141933]:   sampling lsst ...
Aug 27 09:27:01 garey lsst-latency-sample[141933]:   sampling antares ...
Aug 27 09:27:07 garey lsst-latency-sample[141933]: 2026-08-27T09:26:04+0200  ztf=3.17s  lsst=2.16s  antares=1.20s  [230 samples]
Aug 27 10:58:04 garey lsst-latency-sample[149536]:   sampling ztf ...
Aug 27 10:58:47 garey lsst-latency-sample[149536]:   sampling lsst ...
Aug 27 10:58:59 garey lsst-latency-sample[149536]:   sampling antares ...
Aug 27 10:59:05 garey lsst-latency-sample[149536]: 2026-08-27T10:58:04+0200  ztf=3.24s  lsst=2.02s  antares=1.44s  [231 samples]
Aug 27 11:57:42 garey lsst-latency-sample[153219]:   sampling ztf ...
Aug 27 11:58:20 garey lsst-latency-sample[153219]:   sampling lsst ...
Aug 27 11:58:40 garey lsst-latency-sample[153219]:   sampling antares ...
Aug 27 11:58:46 garey lsst-latency-sample[153219]: 2026-08-27T11:57:42+0200  ztf=3.07s  lsst=1.95s  antares=1.42s  [233 samples]
Aug 27 12:02:03 garey lsst-latency-sample[153320]:   sampling ztf ...
Aug 27 12:02:44 garey lsst-latency-sample[153320]:   sampling lsst ...
Aug 27 12:03:05 garey lsst-latency-sample[153320]:   sampling antares ...
Aug 27 12:03:10 garey lsst-latency-sample[153320]: 2026-08-27T12:02:03+0200  ztf=3.20s  lsst=2.18s  antares=1.17s  [234 samples]
Aug 27 13:06:04 garey lsst-latency-sample[155411]:   sampling ztf ...
Aug 27 13:06:43 garey lsst-latency-sample[155411]:   sampling lsst ...
Aug 27 13:07:03 garey lsst-latency-sample[155411]:   sampling antares ...
Aug 27 13:07:09 garey lsst-latency-sample[155411]: 2026-08-27T13:06:04+0200  ztf=3.25s  lsst=2.21s  antares=1.38s  [237 samples]
Aug 27 14:14:03 garey lsst-latency-sample[157973]:   sampling ztf ...
Aug 27 14:14:43 garey lsst-latency-sample[157973]:   sampling lsst ...
Aug 27 14:14:58 garey lsst-latency-sample[157973]:   sampling antares ...
Aug 27 14:15:04 garey lsst-latency-sample[157973]: 2026-08-27T14:14:03+0200  ztf=3.22s  lsst=2.18s  antares=1.31s  [238 samples]
Aug 27 15:52:04 garey lsst-latency-sample[164565]:   sampling ztf ...
Aug 27 15:52:37 garey lsst-latency-sample[164565]:   sampling lsst ...
Aug 27 15:52:57 garey lsst-latency-sample[164565]:   sampling antares ...
Aug 27 15:53:04 garey lsst-latency-sample[164565]: 2026-08-27T15:52:04+0200  ztf=3.26s  lsst=2.15s  antares=1.23s  [239 samples]
Aug 27 16:56:04 garey lsst-latency-sample[168255]:   sampling ztf ...
Aug 27 16:56:49 garey lsst-latency-sample[168255]:   sampling lsst ...
Aug 27 16:57:08 garey lsst-latency-sample[168255]:   sampling antares ...
Aug 27 16:57:14 garey lsst-latency-sample[168255]: 2026-08-27T16:56:04+0200  ztf=3.24s  lsst=2.16s  antares=1.32s  [240 samples]
Aug 27 17:28:03 garey lsst-latency-sample[170565]:   sampling ztf ...
Aug 27 17:28:44 garey lsst-latency-sample[170565]:   sampling lsst ...
Aug 27 17:28:57 garey lsst-latency-sample[170565]:   sampling antares ...
Aug 27 17:29:03 garey lsst-latency-sample[170565]: 2026-08-27T17:28:03+0200  ztf=3.16s  lsst=1.99s  antares=1.29s  [242 samples]
Aug 27 18:23:03 garey lsst-latency-sample[171718]:   sampling ztf ...
Aug 27 18:23:48 garey lsst-latency-sample[171718]:   sampling lsst ...
Aug 27 18:24:01 garey lsst-latency-sample[171718]:   sampling antares ...
Aug 27 18:24:07 garey lsst-latency-sample[171718]: 2026-08-27T18:23:03+0200  ztf=3.24s  lsst=2.17s  antares=1.26s  [243 samples]
Aug 27 19:59:03 garey lsst-latency-sample[173838]:   sampling ztf ...
Aug 27 19:59:38 garey lsst-latency-sample[173838]:   sampling lsst ...
Aug 27 19:59:57 garey lsst-latency-sample[173838]:   sampling antares ...
Aug 27 20:00:04 garey lsst-latency-sample[173838]: 2026-08-27T19:59:03+0200  ztf=3.39s  lsst=2.16s  antares=1.28s  [244 samples]
Aug 27 20:44:04 garey lsst-latency-sample[177253]:   sampling ztf ...
Aug 27 20:44:49 garey lsst-latency-sample[177253]:   sampling lsst ...
Aug 27 20:45:09 garey lsst-latency-sample[177253]:   sampling antares ...
Aug 27 20:45:15 garey lsst-latency-sample[177253]: 2026-08-27T20:44:04+0200  ztf=3.26s  lsst=2.25s  antares=1.36s  [246 samples]
Aug 27 21:26:04 garey lsst-latency-sample[179924]:   sampling ztf ...
Aug 27 21:26:37 garey lsst-latency-sample[179924]:   sampling lsst ...
Aug 27 21:26:56 garey lsst-latency-sample[179924]:   sampling antares ...
Aug 27 21:27:02 garey lsst-latency-sample[179924]: 2026-08-27T21:26:04+0200  ztf=3.47s  lsst=2.17s  antares=1.20s  [247 samples]
Aug 28 07:40:50 garey lsst-latency-sample[182000]:   sampling ztf ...
Aug 28 07:41:33 garey lsst-latency-sample[182000]:   sampling lsst ...
Aug 28 07:41:50 garey lsst-latency-sample[182000]:   sampling antares ...
Aug 28 07:41:56 garey lsst-latency-sample[182000]: 2026-08-28T07:40:50+0200  ztf=3.15s  lsst=2.05s  antares=1.39s  [248 samples]
Aug 28 08:14:49 garey lsst-latency-sample[183967]:   sampling ztf ...
Aug 28 08:15:28 garey lsst-latency-sample[183967]:   sampling lsst ...
Aug 28 08:15:48 garey lsst-latency-sample[183967]:   sampling antares ...
Aug 28 08:15:56 garey lsst-latency-sample[183967]: 2026-08-28T08:14:49+0200  ztf=3.10s  lsst=2.05s  antares=1.46s  [249 samples]
Aug 28 09:54:04 garey lsst-latency-sample[189691]:   sampling ztf ...
Aug 28 09:54:55 garey lsst-latency-sample[189691]:   sampling lsst ...
Aug 28 09:55:14 garey lsst-latency-sample[189691]:   sampling antares ...
Aug 28 09:55:20 garey lsst-latency-sample[189691]: 2026-08-28T09:54:04+0200  ztf=3.33s  lsst=2.05s  antares=1.30s  [250 samples]
Aug 28 10:19:04 garey lsst-latency-sample[191592]:   sampling ztf ...
Aug 28 10:19:45 garey lsst-latency-sample[191592]:   sampling lsst ...
Aug 28 10:20:05 garey lsst-latency-sample[191592]:   sampling antares ...
Aug 28 10:20:08 garey lsst-latency-sample[191592]: 2026-08-28T10:19:04+0200  ztf=3.11s  lsst=2.02s  antares=0.83s  [251 samples]
Aug 28 11:26:04 garey lsst-latency-sample[194491]:   sampling ztf ...
Aug 28 11:26:36 garey lsst-latency-sample[194491]:   sampling lsst ...
Aug 28 11:26:58 garey lsst-latency-sample[194491]:   sampling antares ...
Aug 28 11:27:01 garey lsst-latency-sample[194491]: 2026-08-28T11:26:04+0200  ztf=3.21s  lsst=2.00s  antares=0.84s  [252 samples]
Aug 28 12:55:03 garey lsst-latency-sample[197414]:   sampling ztf ...
Aug 28 12:55:39 garey lsst-latency-sample[197414]:   sampling lsst ...
Aug 28 12:55:58 garey lsst-latency-sample[197414]:   sampling antares ...
Aug 28 12:56:02 garey lsst-latency-sample[197414]: 2026-08-28T12:55:03+0200  ztf=3.28s  lsst=2.12s  antares=0.81s  [253 samples]
Aug 28 13:41:03 garey lsst-latency-sample[198732]:   sampling ztf ...
Aug 28 13:41:44 garey lsst-latency-sample[198732]:   sampling lsst ...
Aug 28 13:42:03 garey lsst-latency-sample[198732]:   sampling antares ...
Aug 28 13:42:07 garey lsst-latency-sample[198732]: 2026-08-28T13:41:03+0200  ztf=3.18s  lsst=2.06s  antares=0.85s  [255 samples]
Aug 28 14:45:03 garey lsst-latency-sample[201917]:   sampling ztf ...
Aug 28 14:45:38 garey lsst-latency-sample[201917]:   sampling lsst ...
Aug 28 14:45:57 garey lsst-latency-sample[201917]:   sampling antares ...
Aug 28 14:46:02 garey lsst-latency-sample[201917]: 2026-08-28T14:45:03+0200  ztf=3.20s  lsst=2.05s  antares=0.80s  [257 samples]
Aug 28 15:18:03 garey lsst-latency-sample[203048]:   sampling ztf ...
Aug 28 15:18:37 garey lsst-latency-sample[203048]:   sampling lsst ...
Aug 28 15:18:49 garey lsst-latency-sample[203048]:   sampling antares ...
Aug 28 15:18:54 garey lsst-latency-sample[203048]: 2026-08-28T15:18:03+0200  ztf=3.20s  lsst=2.08s  antares=0.83s  [258 samples]
Aug 28 16:05:04 garey lsst-latency-sample[205396]:   sampling ztf ...
Aug 28 16:05:41 garey lsst-latency-sample[205396]:   sampling lsst ...
Aug 28 16:06:01 garey lsst-latency-sample[205396]:   sampling antares ...
Aug 28 16:06:06 garey lsst-latency-sample[205396]: 2026-08-28T16:05:04+0200  ztf=3.21s  lsst=2.07s  antares=1.13s  [260 samples]
Aug 28 17:14:04 garey lsst-latency-sample[210270]:   sampling ztf ...
Aug 28 17:14:51 garey lsst-latency-sample[210270]:   sampling lsst ...
Aug 28 17:15:09 garey lsst-latency-sample[210270]:   sampling antares ...
Aug 28 17:15:15 garey lsst-latency-sample[210270]: 2026-08-28T17:14:04+0200  ztf=3.18s  lsst=2.00s  antares=1.17s  [261 samples]
Aug 28 18:39:03 garey lsst-latency-sample[216111]:   sampling ztf ...
Aug 28 18:39:44 garey lsst-latency-sample[216111]:   sampling lsst ...
Aug 28 18:40:03 garey lsst-latency-sample[216111]:   sampling antares ...
Aug 28 18:40:10 garey lsst-latency-sample[216111]: 2026-08-28T18:39:03+0200  ztf=3.28s  lsst=2.07s  antares=1.37s  [262 samples]
Aug 28 20:30:24 garey lsst-latency-sample[218714]:   sampling ztf ...
Aug 28 20:31:00 garey lsst-latency-sample[218714]:   sampling lsst ...
Aug 28 20:31:18 garey lsst-latency-sample[218714]:   sampling antares ...
Aug 28 20:31:24 garey lsst-latency-sample[218714]: 2026-08-28T20:30:24+0200  ztf=3.11s  lsst=2.11s  antares=1.04s  [264 samples]
-- Boot f3a9a70341ea401191138df410cc5d59 --
Aug 29 08:11:57 garey lsst-latency-sample[6253]:   sampling ztf ...
Aug 29 08:12:33 garey lsst-latency-sample[6253]:   sampling lsst ...
Aug 29 08:12:53 garey lsst-latency-sample[6253]:   sampling antares ...
Aug 29 08:13:00 garey lsst-latency-sample[6253]: 2026-08-29T08:11:57+0200  ztf=3.06s  lsst=2.16s  antares=1.29s  [267 samples]
Aug 29 09:30:57 garey lsst-latency-sample[6514]:   sampling ztf ...
Aug 29 09:31:36 garey lsst-latency-sample[6514]:   sampling lsst ...
Aug 29 09:31:55 garey lsst-latency-sample[6514]:   sampling antares ...
Aug 29 09:32:01 garey lsst-latency-sample[6514]: 2026-08-29T09:30:57+0200  ztf=3.21s  lsst=1.93s  antares=1.20s  [268 samples]
Aug 29 10:42:58 garey lsst-latency-sample[12215]:   sampling ztf ...
Aug 29 10:43:36 garey lsst-latency-sample[12215]:   sampling lsst ...
Aug 29 10:43:51 garey lsst-latency-sample[12215]:   sampling antares ...
Aug 29 10:43:57 garey lsst-latency-sample[12215]: 2026-08-29T10:42:58+0200  ztf=3.36s  lsst=2.03s  antares=1.23s  [270 samples]
Aug 29 11:23:57 garey lsst-latency-sample[14084]:   sampling ztf ...
Aug 29 11:24:36 garey lsst-latency-sample[14084]:   sampling lsst ...
Aug 29 11:24:55 garey lsst-latency-sample[14084]:   sampling antares ...
Aug 29 11:25:00 garey lsst-latency-sample[14084]: 2026-08-29T11:23:57+0200  ztf=3.07s  lsst=2.07s  antares=0.78s  [272 samples]
Aug 29 12:14:57 garey lsst-latency-sample[15213]:   sampling ztf ...
Aug 29 12:15:31 garey lsst-latency-sample[15213]:   sampling lsst ...
Aug 29 12:15:50 garey lsst-latency-sample[15213]:   sampling antares ...
Aug 29 12:15:54 garey lsst-latency-sample[15213]: 2026-08-29T12:14:57+0200  ztf=3.06s  lsst=2.05s  antares=0.77s  [273 samples]
Aug 29 13:19:57 garey lsst-latency-sample[16203]:   sampling ztf ...
Aug 29 13:20:33 garey lsst-latency-sample[16203]:   sampling lsst ...
Aug 29 13:20:54 garey lsst-latency-sample[16203]:   sampling antares ...
Aug 29 13:21:02 garey lsst-latency-sample[16203]: 2026-08-29T13:19:57+0200  ztf=3.08s  lsst=2.06s  antares=1.24s  [274 samples]
Aug 29 14:37:57 garey lsst-latency-sample[18176]:   sampling ztf ...
Aug 29 14:38:36 garey lsst-latency-sample[18176]:   sampling lsst ...
Aug 29 14:38:51 garey lsst-latency-sample[18176]:   sampling antares ...
Aug 29 14:38:54 garey lsst-latency-sample[18176]: 2026-08-29T14:37:57+0200  ztf=3.49s  lsst=2.18s  antares=0.78s  [275 samples]
Aug 29 15:08:58 garey lsst-latency-sample[19286]:   sampling ztf ...
Aug 29 15:09:34 garey lsst-latency-sample[19286]:   sampling lsst ...
Aug 29 15:09:53 garey lsst-latency-sample[19286]:   sampling antares ...
Aug 29 15:09:59 garey lsst-latency-sample[19286]: 2026-08-29T15:08:58+0200  ztf=3.14s  lsst=2.08s  antares=1.45s  [276 samples]
Aug 29 16:28:58 garey lsst-latency-sample[23241]:   sampling ztf ...
Aug 29 16:29:45 garey lsst-latency-sample[23241]:   sampling lsst ...
Aug 29 16:30:07 garey lsst-latency-sample[23241]:   sampling antares ...
Aug 29 16:30:11 garey lsst-latency-sample[23241]: 2026-08-29T16:28:57+0200  ztf=2.92s  lsst=2.05s  antares=0.93s  [278 samples]
Aug 29 17:45:57 garey lsst-latency-sample[26182]:   sampling ztf ...
Aug 29 17:46:34 garey lsst-latency-sample[26182]:   sampling lsst ...
Aug 29 17:46:50 garey lsst-latency-sample[26182]:   sampling antares ...
Aug 29 17:46:56 garey lsst-latency-sample[26182]: 2026-08-29T17:45:57+0200  ztf=3.18s  lsst=2.05s  antares=1.18s  [281 samples]
Aug 29 18:03:57 garey lsst-latency-sample[26587]:   sampling ztf ...
Aug 29 18:04:38 garey lsst-latency-sample[26587]:   sampling lsst ...
Aug 29 18:05:00 garey lsst-latency-sample[26587]:   sampling antares ...
Aug 29 18:05:05 garey lsst-latency-sample[26587]: 2026-08-29T18:03:57+0200  ztf=3.00s  lsst=2.26s  antares=0.86s  [282 samples]
Aug 29 19:41:19 garey lsst-latency-sample[28938]:   sampling ztf ...
Aug 29 19:42:02 garey lsst-latency-sample[28938]:   sampling lsst ...
Aug 29 19:42:23 garey lsst-latency-sample[28938]:   sampling antares ...
Aug 29 19:42:28 garey lsst-latency-sample[28938]: 2026-08-29T19:41:19+0200  ztf=3.08s  lsst=2.18s  antares=0.84s  [283 samples]
Aug 29 20:08:20 garey lsst-latency-sample[30723]:   sampling ztf ...
Aug 29 20:09:04 garey lsst-latency-sample[30723]:   sampling lsst ...
Aug 29 20:09:24 garey lsst-latency-sample[30723]:   sampling antares ...
Aug 29 20:09:28 garey lsst-latency-sample[30723]: 2026-08-29T20:08:20+0200  ztf=3.21s  lsst=2.07s  antares=0.79s  [284 samples]
Aug 29 21:25:39 garey lsst-latency-sample[35659]:   sampling ztf ...
Aug 29 21:26:14 garey lsst-latency-sample[35659]:   sampling lsst ...
Aug 29 21:26:33 garey lsst-latency-sample[35659]:   sampling antares ...
Aug 29 21:26:37 garey lsst-latency-sample[35659]: 2026-08-29T21:25:39+0200  ztf=3.21s  lsst=2.04s  antares=0.79s  [286 samples]
Aug 30 08:02:19 garey lsst-latency-sample[41708]:   sampling ztf ...
Aug 30 08:03:02 garey lsst-latency-sample[41708]:   sampling lsst ...
Aug 30 08:03:23 garey lsst-latency-sample[41708]:   sampling antares ...
Aug 30 08:03:29 garey lsst-latency-sample[41708]: 2026-08-30T08:02:19+0200  ztf=3.29s  lsst=2.10s  antares=1.23s  [289 samples]
Aug 30 09:57:57 garey lsst-latency-sample[50959]:   sampling ztf ...
Aug 30 09:58:40 garey lsst-latency-sample[50959]:   sampling lsst ...
Aug 30 09:58:52 garey lsst-latency-sample[50959]:   sampling antares ...
Aug 30 09:58:58 garey lsst-latency-sample[50959]: 2026-08-30T09:57:57+0200  ztf=3.00s  lsst=1.95s  antares=1.39s  [290 samples]
Aug 30 10:25:58 garey lsst-latency-sample[51897]:   sampling ztf ...
Aug 30 10:26:30 garey lsst-latency-sample[51897]:   sampling lsst ...
Aug 30 10:26:45 garey lsst-latency-sample[51897]:   sampling antares ...
Aug 30 10:26:48 garey lsst-latency-sample[51897]: 2026-08-30T10:25:58+0200  ztf=3.11s  lsst=2.04s  antares=0.81s  [291 samples]
Aug 30 11:32:57 garey lsst-latency-sample[54604]:   sampling ztf ...
Aug 30 11:33:45 garey lsst-latency-sample[54604]:   sampling lsst ...
Aug 30 11:33:57 garey lsst-latency-sample[54604]:   sampling antares ...
Aug 30 11:34:02 garey lsst-latency-sample[54604]: 2026-08-30T11:32:57+0200  ztf=3.18s  lsst=1.95s  antares=0.81s  [292 samples]
Aug 30 12:55:57 garey lsst-latency-sample[56578]:   sampling ztf ...
Aug 30 12:56:37 garey lsst-latency-sample[56578]:   sampling lsst ...
Aug 30 12:56:56 garey lsst-latency-sample[56578]:   sampling antares ...
Aug 30 12:57:01 garey lsst-latency-sample[56578]: 2026-08-30T12:55:57+0200  ztf=3.14s  lsst=2.08s  antares=0.81s  [293 samples]
Aug 30 13:30:57 garey lsst-latency-sample[57211]:   sampling ztf ...
Aug 30 13:31:33 garey lsst-latency-sample[57211]:   sampling lsst ...
Aug 30 13:31:54 garey lsst-latency-sample[57211]:   sampling antares ...
Aug 30 13:31:59 garey lsst-latency-sample[57211]: 2026-08-30T13:30:57+0200  ztf=3.26s  lsst=2.17s  antares=1.16s  [294 samples]
Aug 30 14:12:57 garey lsst-latency-sample[58791]:   sampling ztf ...
Aug 30 14:13:33 garey lsst-latency-sample[58791]:   sampling lsst ...
Aug 30 14:13:51 garey lsst-latency-sample[58791]:   sampling antares ...
Aug 30 14:13:57 garey lsst-latency-sample[58791]: 2026-08-30T14:12:57+0200  ztf=2.96s  lsst=2.09s  antares=1.23s  [296 samples]
Aug 30 15:28:58 garey lsst-latency-sample[61851]:   sampling ztf ...
Aug 30 15:29:33 garey lsst-latency-sample[61851]:   sampling lsst ...
Aug 30 15:29:53 garey lsst-latency-sample[61851]:   sampling antares ...
Aug 30 15:29:59 garey lsst-latency-sample[61851]: 2026-08-30T15:28:58+0200  ztf=3.14s  lsst=2.08s  antares=0.99s  [297 samples]
Aug 30 16:26:57 garey lsst-latency-sample[64699]:   sampling ztf ...
Aug 30 16:27:41 garey lsst-latency-sample[64699]:   sampling lsst ...
Aug 30 16:28:02 garey lsst-latency-sample[64699]:   sampling antares ...
Aug 30 16:28:06 garey lsst-latency-sample[64699]: 2026-08-30T16:26:57+0200  ztf=3.43s  lsst=2.21s  antares=0.83s  [298 samples]
Aug 30 17:26:57 garey lsst-latency-sample[67558]:   sampling ztf ...
Aug 30 17:27:31 garey lsst-latency-sample[67558]:   sampling lsst ...
Aug 30 17:27:52 garey lsst-latency-sample[67558]:   sampling antares ...
Aug 30 17:27:56 garey lsst-latency-sample[67558]: 2026-08-30T17:26:57+0200  ztf=3.01s  lsst=2.11s  antares=0.98s  [299 samples]
Aug 30 18:38:57 garey lsst-latency-sample[68820]:   sampling ztf ...
Aug 30 18:39:32 garey lsst-latency-sample[68820]:   sampling lsst ...
Aug 30 18:39:52 garey lsst-latency-sample[68820]:   sampling antares ...
Aug 30 18:39:56 garey lsst-latency-sample[68820]: 2026-08-30T18:38:57+0200  ztf=2.98s  lsst=2.07s  antares=0.80s  [300 samples]
Aug 30 19:18:57 garey lsst-latency-sample[69598]:   sampling ztf ...
Aug 30 19:19:48 garey lsst-latency-sample[69598]:   sampling lsst ...
Aug 30 19:20:03 garey lsst-latency-sample[69598]:   sampling antares ...
Aug 30 19:20:07 garey lsst-latency-sample[69598]: 2026-08-30T19:18:57+0200  ztf=3.07s  lsst=2.08s  antares=0.78s  [301 samples]
Aug 30 20:07:57 garey lsst-latency-sample[70472]:   sampling ztf ...
Aug 30 20:08:35 garey lsst-latency-sample[70472]:   sampling lsst ...
Aug 30 20:08:49 garey lsst-latency-sample[70472]:   sampling antares ...
Aug 30 20:08:52 garey lsst-latency-sample[70472]: 2026-08-30T20:07:57+0200  ztf=3.08s  lsst=2.05s  antares=0.78s  [302 samples]
Aug 30 21:00:58 garey lsst-latency-sample[75569]:   sampling ztf ...
Aug 30 21:01:46 garey lsst-latency-sample[75569]:   sampling lsst ...
Aug 30 21:02:07 garey lsst-latency-sample[75569]:   sampling antares ...
Aug 30 21:02:12 garey lsst-latency-sample[75569]: 2026-08-30T21:00:58+0200  ztf=3.28s  lsst=2.21s  antares=1.14s  [305 samples]
Aug 31 07:35:12 garey lsst-latency-sample[82302]:   sampling ztf ...
Aug 31 07:35:56 garey lsst-latency-sample[82302]:   sampling lsst ...
Aug 31 07:36:16 garey lsst-latency-sample[82302]:   sampling antares ...
Aug 31 07:36:22 garey lsst-latency-sample[82302]: 2026-08-31T07:35:12+0200  ztf=3.04s  lsst=2.05s  antares=1.21s  [308 samples]
Aug 31 08:00:57 garey lsst-latency-sample[84296]:   sampling ztf ...
Aug 31 08:01:36 garey lsst-latency-sample[84296]:   sampling lsst ...
Aug 31 08:01:57 garey lsst-latency-sample[84296]:   sampling antares ...
Aug 31 08:02:03 garey lsst-latency-sample[84296]: 2026-08-31T08:00:57+0200  ztf=3.08s  lsst=2.05s  antares=1.10s  [309 samples]
Aug 31 09:15:58 garey lsst-latency-sample[88415]:   sampling ztf ...
Aug 31 09:17:11 garey lsst-latency-sample[88415]:   sampling lsst ...
Aug 31 09:18:18 garey lsst-latency-sample[88415]:   sampling antares ...
Aug 31 09:18:24 garey lsst-latency-sample[88415]: 2026-08-31T09:15:58+0200  ztf=3.33s  lsst=2.19s  antares=1.29s  [310 samples]
Aug 31 10:07:57 garey lsst-latency-sample[91489]:   sampling ztf ...
Aug 31 10:08:38 garey lsst-latency-sample[91489]:   sampling lsst ...
Aug 31 10:08:50 garey lsst-latency-sample[91489]:   sampling antares ...
Aug 31 10:08:55 garey lsst-latency-sample[91489]: 2026-08-31T10:07:57+0200  ztf=3.10s  lsst=2.06s  antares=0.84s  [311 samples]
Aug 31 11:40:57 garey lsst-latency-sample[95017]:   sampling ztf ...
Aug 31 11:41:43 garey lsst-latency-sample[95017]:   sampling lsst ...
Aug 31 11:42:04 garey lsst-latency-sample[95017]:   sampling antares ...
Aug 31 11:42:10 garey lsst-latency-sample[95017]: 2026-08-31T11:40:57+0200  ztf=2.99s  lsst=2.16s  antares=1.39s  [312 samples]
Aug 31 12:46:57 garey lsst-latency-sample[96721]:   sampling ztf ...
Aug 31 12:47:58 garey lsst-latency-sample[96721]:   ztf FAILED: HTTPSConnectionPool(host='api.alerce.online', port=443): Read timed out. (read timeout=60.0)
Aug 31 12:47:58 garey lsst-latency-sample[96721]:   sampling lsst ...
Aug 31 12:48:21 garey lsst-latency-sample[96721]:   sampling antares ...
Aug 31 12:48:26 garey lsst-latency-sample[96721]: 2026-08-31T12:46:57+0200  ztf=ERR  lsst=2.06s  antares=1.24s  [313 samples]
Aug 31 13:55:57 garey lsst-latency-sample[99602]:   sampling ztf ...
Aug 31 13:56:42 garey lsst-latency-sample[99602]:   sampling lsst ...
Aug 31 13:57:03 garey lsst-latency-sample[99602]:   sampling antares ...
Aug 31 13:57:06 garey lsst-latency-sample[99602]: 2026-08-31T13:55:57+0200  ztf=3.09s  lsst=2.08s  antares=0.80s  [314 samples]
Aug 31 14:32:58 garey lsst-latency-sample[103289]:   sampling ztf ...
Aug 31 14:33:43 garey lsst-latency-sample[103289]:   sampling lsst ...
Aug 31 14:33:56 garey lsst-latency-sample[103289]:   sampling antares ...
Aug 31 14:34:03 garey lsst-latency-sample[103289]: 2026-08-31T14:32:58+0200  ztf=3.20s  lsst=2.06s  antares=1.31s  [315 samples]
Aug 31 15:38:57 garey lsst-latency-sample[107262]:   sampling ztf ...
Aug 31 15:39:45 garey lsst-latency-sample[107262]:   sampling lsst ...
Aug 31 15:40:05 garey lsst-latency-sample[107262]:   sampling antares ...
Aug 31 15:40:09 garey lsst-latency-sample[107262]: 2026-08-31T15:38:57+0200  ztf=2.96s  lsst=2.08s  antares=0.83s  [316 samples]
Aug 31 16:14:57 garey lsst-latency-sample[108208]:   sampling ztf ...
Aug 31 16:15:58 garey lsst-latency-sample[108208]:   ztf FAILED: HTTPSConnectionPool(host='api.alerce.online', port=443): Read timed out. (read timeout=60.0)
Aug 31 16:15:58 garey lsst-latency-sample[108208]:   sampling lsst ...
Aug 31 16:16:19 garey lsst-latency-sample[108208]:   sampling antares ...
Aug 31 16:16:23 garey lsst-latency-sample[108208]: 2026-08-31T16:14:57+0200  ztf=ERR  lsst=2.04s  antares=0.79s  [317 samples]
Aug 31 17:23:57 garey lsst-latency-sample[110034]:   sampling ztf ...
Aug 31 17:24:33 garey lsst-latency-sample[110034]:   sampling lsst ...
Aug 31 17:24:52 garey lsst-latency-sample[110034]:   sampling antares ...
Aug 31 17:24:59 garey lsst-latency-sample[110034]: 2026-08-31T17:23:57+0200  ztf=3.08s  lsst=2.07s  antares=1.17s  [318 samples]
Aug 31 18:59:57 garey lsst-latency-sample[112510]:   sampling ztf ...
Aug 31 19:00:40 garey lsst-latency-sample[112510]:   sampling lsst ...
Aug 31 19:01:00 garey lsst-latency-sample[112510]:   sampling antares ...
Aug 31 19:01:04 garey lsst-latency-sample[112510]: 2026-08-31T18:59:57+0200  ztf=3.25s  lsst=2.13s  antares=0.78s  [319 samples]
Aug 31 20:47:52 garey lsst-latency-sample[117189]:   sampling ztf ...
Aug 31 20:48:34 garey lsst-latency-sample[117189]:   sampling lsst ...
Aug 31 20:48:50 garey lsst-latency-sample[117189]:   sampling antares ...
Aug 31 20:48:55 garey lsst-latency-sample[117189]: 2026-08-31T20:47:52+0200  ztf=3.33s  lsst=2.12s  antares=1.11s  [320 samples]
Aug 31 21:26:57 garey lsst-latency-sample[118908]:   sampling ztf ...
Aug 31 21:27:56 garey lsst-latency-sample[118908]:   sampling lsst ...
Aug 31 21:28:17 garey lsst-latency-sample[118908]:   sampling antares ...
Aug 31 21:28:22 garey lsst-latency-sample[118908]: 2026-08-31T21:26:57+0200  ztf=3.30s  lsst=2.11s  antares=0.91s  [321 samples]
Aug 31 22:22:58 garey lsst-latency-sample[124055]:   sampling ztf ...
Aug 31 22:23:31 garey lsst-latency-sample[124055]:   sampling lsst ...
Aug 31 22:23:51 garey lsst-latency-sample[124055]:   sampling antares ...
Aug 31 22:23:57 garey lsst-latency-sample[124055]: 2026-08-31T22:22:58+0200  ztf=3.18s  lsst=2.12s  antares=0.98s  [324 samples]
Sep 01 07:58:12 garey lsst-latency-sample[126581]:   sampling ztf ...
Sep 01 07:59:05 garey lsst-latency-sample[126581]:   sampling lsst ...
Sep 01 07:59:22 garey lsst-latency-sample[126581]:   sampling antares ...
Sep 01 07:59:28 garey lsst-latency-sample[126581]: 2026-09-01T07:58:12+0200  ztf=3.07s  lsst=1.96s  antares=1.24s  [325 samples]
-- Boot f3c4f337c8824e928172f53e85c5c810 --
Sep 01 08:24:30 garey lsst-latency-sample[5476]:   sampling ztf ...
Sep 01 08:25:14 garey lsst-latency-sample[5476]:   sampling lsst ...
Sep 01 08:25:36 garey lsst-latency-sample[5476]:   sampling antares ...
Sep 01 08:25:43 garey lsst-latency-sample[5476]: 2026-09-01T08:24:30+0200  ztf=2.99s  lsst=2.06s  antares=1.31s  [326 samples]
Sep 01 09:56:20 garey lsst-latency-sample[8953]:   sampling ztf ...
Sep 01 09:56:56 garey lsst-latency-sample[8953]:   sampling lsst ...
Sep 01 09:57:16 garey lsst-latency-sample[8953]:   sampling antares ...
Sep 01 09:57:22 garey lsst-latency-sample[8953]: 2026-09-01T09:56:20+0200  ztf=3.33s  lsst=2.13s  antares=1.18s  [327 samples]
Sep 01 10:51:20 garey lsst-latency-sample[11116]:   sampling ztf ...
Sep 01 10:52:19 garey lsst-latency-sample[11116]:   sampling lsst ...
Sep 01 10:52:41 garey lsst-latency-sample[11116]:   sampling antares ...
Sep 01 10:52:46 garey lsst-latency-sample[11116]: 2026-09-01T10:51:20+0200  ztf=3.35s  lsst=2.14s  antares=1.16s  [328 samples]
